// Jest Snapshot v1, https://goo.gl/fbAQLP

exports[`successfully renders 1`] = `
ShallowWrapper {
  Symbol(enzyme.__root__): [Circular],
  Symbol(enzyme.__unrendered__): <GamingSession
    dispatch={[Function]}
    gamingSession={Object {}}
    gamingSessionLoading={true}
    navigation={
      Object {
        "state": Object {
          "params": Object {},
        },
      }
    }
    user={Object {}}
  />,
  Symbol(enzyme.__renderer__): Object {
    "batchedUpdates": [Function],
    "getNode": [Function],
    "render": [Function],
    "simulateError": [Function],
    "simulateEvent": [Function],
    "unmount": [Function],
  },
  Symbol(enzyme.__node__): Object {
    "instance": null,
    "key": undefined,
    "nodeType": "class",
    "props": Object {
      "children": Array [
        <Header
          bottomGradientTransparency="rgba(0,0,0,0.9)"
          heightRatio={0.5}
          middleGradientTransparency="rgba(0,0,0,0.9)"
          picture="img/default-gaming-session-header.jpg"
          title="..."
          topGradientTransparency="rgba(0,0,0,0.9)"
        >
          <NavigationBar
            back="Games"
            color="white"
            expanded={false}
            navigation={
              Object {
                "state": Object {
                  "params": Object {},
                },
              }
            }
            title=""
            type="transparent"
            withGradient={false}
          />
        </Header>,
        <Content>
          <ActivityIndicator
            animating={true}
            color="#999999"
            hidesWhenStopped={true}
            size="small"
            style={
              Object {
                "alignItems": "center",
                "flex": 1,
                "justifyContent": "center",
                "padding": 20,
              }
            }
          />
        </Content>,
      ],
      "style": Object {
        "flex": 1,
      },
    },
    "ref": null,
    "rendered": Array [
      Object {
        "instance": null,
        "key": undefined,
        "nodeType": "class",
        "props": Object {
          "bottomGradientTransparency": "rgba(0,0,0,0.9)",
          "children": <NavigationBar
            back="Games"
            color="white"
            expanded={false}
            navigation={
              Object {
                "state": Object {
                  "params": Object {},
                },
              }
            }
            title=""
            type="transparent"
            withGradient={false}
          />,
          "heightRatio": 0.5,
          "middleGradientTransparency": "rgba(0,0,0,0.9)",
          "picture": "img/default-gaming-session-header.jpg",
          "title": "...",
          "topGradientTransparency": "rgba(0,0,0,0.9)",
        },
        "ref": null,
        "rendered": Object {
          "instance": null,
          "key": undefined,
          "nodeType": "class",
          "props": Object {
            "back": "Games",
            "color": "white",
            "expanded": false,
            "navigation": Object {
              "state": Object {
                "params": Object {},
              },
            },
            "title": "",
            "type": "transparent",
            "withGradient": false,
          },
          "ref": null,
          "rendered": null,
          "type": [Function],
        },
        "type": [Function],
      },
      Object {
        "instance": null,
        "key": undefined,
        "nodeType": "class",
        "props": Object {
          "children": <ActivityIndicator
            animating={true}
            color="#999999"
            hidesWhenStopped={true}
            size="small"
            style={
              Object {
                "alignItems": "center",
                "flex": 1,
                "justifyContent": "center",
                "padding": 20,
              }
            }
          />,
        },
        "ref": null,
        "rendered": Object {
          "instance": null,
          "key": undefined,
          "nodeType": "class",
          "props": Object {
            "animating": true,
            "color": "#999999",
            "hidesWhenStopped": true,
            "size": "small",
            "style": Object {
              "alignItems": "center",
              "flex": 1,
              "justifyContent": "center",
              "padding": 20,
            },
          },
          "ref": null,
          "rendered": null,
          "type": [Function],
        },
        "type": [Function],
      },
    ],
    "type": [Function],
  },
  Symbol(enzyme.__nodes__): Array [
    Object {
      "instance": null,
      "key": undefined,
      "nodeType": "class",
      "props": Object {
        "children": Array [
          <Header
            bottomGradientTransparency="rgba(0,0,0,0.9)"
            heightRatio={0.5}
            middleGradientTransparency="rgba(0,0,0,0.9)"
            picture="img/default-gaming-session-header.jpg"
            title="..."
            topGradientTransparency="rgba(0,0,0,0.9)"
          >
            <NavigationBar
              back="Games"
              color="white"
              expanded={false}
              navigation={
                Object {
                  "state": Object {
                    "params": Object {},
                  },
                }
              }
              title=""
              type="transparent"
              withGradient={false}
            />
          </Header>,
          <Content>
            <ActivityIndicator
              animating={true}
              color="#999999"
              hidesWhenStopped={true}
              size="small"
              style={
                Object {
                  "alignItems": "center",
                  "flex": 1,
                  "justifyContent": "center",
                  "padding": 20,
                }
              }
            />
          </Content>,
        ],
        "style": Object {
          "flex": 1,
        },
      },
      "ref": null,
      "rendered": Array [
        Object {
          "instance": null,
          "key": undefined,
          "nodeType": "class",
          "props": Object {
            "bottomGradientTransparency": "rgba(0,0,0,0.9)",
            "children": <NavigationBar
              back="Games"
              color="white"
              expanded={false}
              navigation={
                Object {
                  "state": Object {
                    "params": Object {},
                  },
                }
              }
              title=""
              type="transparent"
              withGradient={false}
            />,
            "heightRatio": 0.5,
            "middleGradientTransparency": "rgba(0,0,0,0.9)",
            "picture": "img/default-gaming-session-header.jpg",
            "title": "...",
            "topGradientTransparency": "rgba(0,0,0,0.9)",
          },
          "ref": null,
          "rendered": Object {
            "instance": null,
            "key": undefined,
            "nodeType": "class",
            "props": Object {
              "back": "Games",
              "color": "white",
              "expanded": false,
              "navigation": Object {
                "state": Object {
                  "params": Object {},
                },
              },
              "title": "",
              "type": "transparent",
              "withGradient": false,
            },
            "ref": null,
            "rendered": null,
            "type": [Function],
          },
          "type": [Function],
        },
        Object {
          "instance": null,
          "key": undefined,
          "nodeType": "class",
          "props": Object {
            "children": <ActivityIndicator
              animating={true}
              color="#999999"
              hidesWhenStopped={true}
              size="small"
              style={
                Object {
                  "alignItems": "center",
                  "flex": 1,
                  "justifyContent": "center",
                  "padding": 20,
                }
              }
            />,
          },
          "ref": null,
          "rendered": Object {
            "instance": null,
            "key": undefined,
            "nodeType": "class",
            "props": Object {
              "animating": true,
              "color": "#999999",
              "hidesWhenStopped": true,
              "size": "small",
              "style": Object {
                "alignItems": "center",
                "flex": 1,
                "justifyContent": "center",
                "padding": 20,
              },
            },
            "ref": null,
            "rendered": null,
            "type": [Function],
          },
          "type": [Function],
        },
      ],
      "type": [Function],
    },
  ],
  Symbol(enzyme.__options__): Object {
    "adapter": ReactSixteenAdapter {
      "options": Object {
        "enableComponentDidUpdateOnSetState": true,
        "lifecycles": Object {
          "componentDidUpdate": Object {
            "onSetState": true,
          },
          "getDerivedStateFromProps": true,
          "getSnapshotBeforeUpdate": true,
          "setState": Object {
            "skipsComponentDidUpdateOnNullish": true,
          },
        },
      },
    },
    "context": Object {
      "store": Object {
        "clearActions": [Function],
        "dispatch": [Function],
        "getActions": [Function],
        "getState": [Function],
        "replaceReducer": [Function],
        "subscribe": [Function],
      },
    },
  },
}
`;
