// Jest Snapshot v1, https://goo.gl/fbAQLP

exports[`successfully renders 1`] = `
ShallowWrapper {
  Symbol(enzyme.__root__): [Circular],
  Symbol(enzyme.__unrendered__): <Login
    authentication={
      Object {
        "appLoading": true,
        "firebaseToken": "",
        "isAuthed": false,
        "isLoading": false,
        "token": "",
        "user": Object {},
      }
    }
    dispatch={[Function]}
  />,
  Symbol(enzyme.__renderer__): Object {
    "batchedUpdates": [Function],
    "getNode": [Function],
    "render": [Function],
    "simulateError": [Function],
    "simulateEvent": [Function],
    "unmount": [Function],
  },
  Symbol(enzyme.__node__): Object {
    "instance": null,
    "key": undefined,
    "nodeType": "class",
    "props": Object {
      "children": <Component
        style={
          Object {
            "alignItems": "center",
            "backgroundColor": "#23272A",
            "flex": 1,
            "justifyContent": "flex-start",
            "paddingHorizontal": 5,
            "paddingVertical": 10,
            "width": "100%",
          }
        }
      >
        <Image
          source={1}
          style={
            Object {
              "height": 150,
              "padding": 5,
              "resizeMode": "contain",
            }
          }
        />
        <TextInput
          allowFontScaling={true}
          autoCapitalize="none"
          maxLength={100}
          onChangeText={[Function]}
          onSubmitEditing={[Function]}
          placeholder="Username"
          placeholderStyle={
            Object {
              "color": "#2C2F33",
            }
          }
          returnKeyType="next"
          style={
            Object {
              "backgroundColor": "white",
              "borderColor": "#43454a",
              "borderRadius": 2,
              "borderWidth": 0.5,
              "color": "#23272A",
              "flexDirection": "row",
              "fontSize": 20,
              "height": 50,
              "margin": 15,
              "padding": 5,
              "width": 300,
            }
          }
          textContentType="username"
          underlineColorAndroid="transparent"
          value={null}
        />
        <TextInput
          allowFontScaling={true}
          autoCapitalize="none"
          maxLength={100}
          onChangeText={[Function]}
          placeholder="Password"
          placeholderStyle={
            Object {
              "color": "#2C2F33",
            }
          }
          secureTextEntry={true}
          style={
            Object {
              "backgroundColor": "white",
              "borderColor": "#43454a",
              "borderRadius": 2,
              "borderWidth": 0.5,
              "color": "#23272A",
              "flexDirection": "row",
              "fontSize": 20,
              "height": 50,
              "margin": 15,
              "padding": 5,
              "width": 300,
            }
          }
          textContentType="password"
          underlineColorAndroid="transparent"
          value={null}
        />
        <TouchableOpacity
          activeOpacity={0.2}
          onPress={[Function]}
          style={
            Object {
              "backgroundColor": "#4A90E2",
              "borderRadius": 3,
              "marginTop": 20,
              "paddingVertical": 20,
              "width": 300,
            }
          }
        >
          <Text
            accessible={true}
            allowFontScaling={true}
            ellipsizeMode="tail"
            style={
              Object {
                "color": "white",
                "textAlign": "center",
              }
            }
          >
            LOG IN
          </Text>
        </TouchableOpacity>
      </Component>,
      "contentContainerStyle": Object {
        "alignItems": "center",
        "backgroundColor": "#23272A",
        "flex": 1,
        "justifyContent": "flex-start",
        "paddingHorizontal": 5,
        "paddingVertical": 10,
        "width": "100%",
      },
      "enableAutoAutomaticScroll": true,
      "enableResetScrollToCoords": true,
      "extraHeight": 75,
      "extraScrollHeight": 0,
      "keyboardOpeningTime": 250,
    },
    "ref": null,
    "rendered": Object {
      "instance": null,
      "key": undefined,
      "nodeType": "class",
      "props": Object {
        "children": Array [
          <Image
            source={1}
            style={
              Object {
                "height": 150,
                "padding": 5,
                "resizeMode": "contain",
              }
            }
          />,
          <TextInput
            allowFontScaling={true}
            autoCapitalize="none"
            maxLength={100}
            onChangeText={[Function]}
            onSubmitEditing={[Function]}
            placeholder="Username"
            placeholderStyle={
              Object {
                "color": "#2C2F33",
              }
            }
            returnKeyType="next"
            style={
              Object {
                "backgroundColor": "white",
                "borderColor": "#43454a",
                "borderRadius": 2,
                "borderWidth": 0.5,
                "color": "#23272A",
                "flexDirection": "row",
                "fontSize": 20,
                "height": 50,
                "margin": 15,
                "padding": 5,
                "width": 300,
              }
            }
            textContentType="username"
            underlineColorAndroid="transparent"
            value={null}
          />,
          <TextInput
            allowFontScaling={true}
            autoCapitalize="none"
            maxLength={100}
            onChangeText={[Function]}
            placeholder="Password"
            placeholderStyle={
              Object {
                "color": "#2C2F33",
              }
            }
            secureTextEntry={true}
            style={
              Object {
                "backgroundColor": "white",
                "borderColor": "#43454a",
                "borderRadius": 2,
                "borderWidth": 0.5,
                "color": "#23272A",
                "flexDirection": "row",
                "fontSize": 20,
                "height": 50,
                "margin": 15,
                "padding": 5,
                "width": 300,
              }
            }
            textContentType="password"
            underlineColorAndroid="transparent"
            value={null}
          />,
          <TouchableOpacity
            activeOpacity={0.2}
            onPress={[Function]}
            style={
              Object {
                "backgroundColor": "#4A90E2",
                "borderRadius": 3,
                "marginTop": 20,
                "paddingVertical": 20,
                "width": 300,
              }
            }
          >
            <Text
              accessible={true}
              allowFontScaling={true}
              ellipsizeMode="tail"
              style={
                Object {
                  "color": "white",
                  "textAlign": "center",
                }
              }
            >
              LOG IN
            </Text>
          </TouchableOpacity>,
        ],
        "style": Object {
          "alignItems": "center",
          "backgroundColor": "#23272A",
          "flex": 1,
          "justifyContent": "flex-start",
          "paddingHorizontal": 5,
          "paddingVertical": 10,
          "width": "100%",
        },
      },
      "ref": null,
      "rendered": Array [
        Object {
          "instance": null,
          "key": undefined,
          "nodeType": "class",
          "props": Object {
            "source": 1,
            "style": Object {
              "height": 150,
              "padding": 5,
              "resizeMode": "contain",
            },
          },
          "ref": null,
          "rendered": null,
          "type": [Function],
        },
        Object {
          "instance": null,
          "key": undefined,
          "nodeType": "class",
          "props": Object {
            "allowFontScaling": true,
            "autoCapitalize": "none",
            "maxLength": 100,
            "onChangeText": [Function],
            "onSubmitEditing": [Function],
            "placeholder": "Username",
            "placeholderStyle": Object {
              "color": "#2C2F33",
            },
            "returnKeyType": "next",
            "style": Object {
              "backgroundColor": "white",
              "borderColor": "#43454a",
              "borderRadius": 2,
              "borderWidth": 0.5,
              "color": "#23272A",
              "flexDirection": "row",
              "fontSize": 20,
              "height": 50,
              "margin": 15,
              "padding": 5,
              "width": 300,
            },
            "textContentType": "username",
            "underlineColorAndroid": "transparent",
            "value": null,
          },
          "ref": "username",
          "rendered": null,
          "type": [Function],
        },
        Object {
          "instance": null,
          "key": undefined,
          "nodeType": "class",
          "props": Object {
            "allowFontScaling": true,
            "autoCapitalize": "none",
            "maxLength": 100,
            "onChangeText": [Function],
            "placeholder": "Password",
            "placeholderStyle": Object {
              "color": "#2C2F33",
            },
            "secureTextEntry": true,
            "style": Object {
              "backgroundColor": "white",
              "borderColor": "#43454a",
              "borderRadius": 2,
              "borderWidth": 0.5,
              "color": "#23272A",
              "flexDirection": "row",
              "fontSize": 20,
              "height": 50,
              "margin": 15,
              "padding": 5,
              "width": 300,
            },
            "textContentType": "password",
            "underlineColorAndroid": "transparent",
            "value": null,
          },
          "ref": [Function],
          "rendered": null,
          "type": [Function],
        },
        Object {
          "instance": null,
          "key": undefined,
          "nodeType": "class",
          "props": Object {
            "activeOpacity": 0.2,
            "children": <Text
              accessible={true}
              allowFontScaling={true}
              ellipsizeMode="tail"
              style={
                Object {
                  "color": "white",
                  "textAlign": "center",
                }
              }
            >
              LOG IN
            </Text>,
            "onPress": [Function],
            "style": Object {
              "backgroundColor": "#4A90E2",
              "borderRadius": 3,
              "marginTop": 20,
              "paddingVertical": 20,
              "width": 300,
            },
          },
          "ref": null,
          "rendered": Object {
            "instance": null,
            "key": undefined,
            "nodeType": "class",
            "props": Object {
              "accessible": true,
              "allowFontScaling": true,
              "children": "LOG IN",
              "ellipsizeMode": "tail",
              "style": Object {
                "color": "white",
                "textAlign": "center",
              },
            },
            "ref": null,
            "rendered": "LOG IN",
            "type": [Function],
          },
          "type": [Function],
        },
      ],
      "type": [Function],
    },
    "type": [Function],
  },
  Symbol(enzyme.__nodes__): Array [
    Object {
      "instance": null,
      "key": undefined,
      "nodeType": "class",
      "props": Object {
        "children": <Component
          style={
            Object {
              "alignItems": "center",
              "backgroundColor": "#23272A",
              "flex": 1,
              "justifyContent": "flex-start",
              "paddingHorizontal": 5,
              "paddingVertical": 10,
              "width": "100%",
            }
          }
        >
          <Image
            source={1}
            style={
              Object {
                "height": 150,
                "padding": 5,
                "resizeMode": "contain",
              }
            }
          />
          <TextInput
            allowFontScaling={true}
            autoCapitalize="none"
            maxLength={100}
            onChangeText={[Function]}
            onSubmitEditing={[Function]}
            placeholder="Username"
            placeholderStyle={
              Object {
                "color": "#2C2F33",
              }
            }
            returnKeyType="next"
            style={
              Object {
                "backgroundColor": "white",
                "borderColor": "#43454a",
                "borderRadius": 2,
                "borderWidth": 0.5,
                "color": "#23272A",
                "flexDirection": "row",
                "fontSize": 20,
                "height": 50,
                "margin": 15,
                "padding": 5,
                "width": 300,
              }
            }
            textContentType="username"
            underlineColorAndroid="transparent"
            value={null}
          />
          <TextInput
            allowFontScaling={true}
            autoCapitalize="none"
            maxLength={100}
            onChangeText={[Function]}
            placeholder="Password"
            placeholderStyle={
              Object {
                "color": "#2C2F33",
              }
            }
            secureTextEntry={true}
            style={
              Object {
                "backgroundColor": "white",
                "borderColor": "#43454a",
                "borderRadius": 2,
                "borderWidth": 0.5,
                "color": "#23272A",
                "flexDirection": "row",
                "fontSize": 20,
                "height": 50,
                "margin": 15,
                "padding": 5,
                "width": 300,
              }
            }
            textContentType="password"
            underlineColorAndroid="transparent"
            value={null}
          />
          <TouchableOpacity
            activeOpacity={0.2}
            onPress={[Function]}
            style={
              Object {
                "backgroundColor": "#4A90E2",
                "borderRadius": 3,
                "marginTop": 20,
                "paddingVertical": 20,
                "width": 300,
              }
            }
          >
            <Text
              accessible={true}
              allowFontScaling={true}
              ellipsizeMode="tail"
              style={
                Object {
                  "color": "white",
                  "textAlign": "center",
                }
              }
            >
              LOG IN
            </Text>
          </TouchableOpacity>
        </Component>,
        "contentContainerStyle": Object {
          "alignItems": "center",
          "backgroundColor": "#23272A",
          "flex": 1,
          "justifyContent": "flex-start",
          "paddingHorizontal": 5,
          "paddingVertical": 10,
          "width": "100%",
        },
        "enableAutoAutomaticScroll": true,
        "enableResetScrollToCoords": true,
        "extraHeight": 75,
        "extraScrollHeight": 0,
        "keyboardOpeningTime": 250,
      },
      "ref": null,
      "rendered": Object {
        "instance": null,
        "key": undefined,
        "nodeType": "class",
        "props": Object {
          "children": Array [
            <Image
              source={1}
              style={
                Object {
                  "height": 150,
                  "padding": 5,
                  "resizeMode": "contain",
                }
              }
            />,
            <TextInput
              allowFontScaling={true}
              autoCapitalize="none"
              maxLength={100}
              onChangeText={[Function]}
              onSubmitEditing={[Function]}
              placeholder="Username"
              placeholderStyle={
                Object {
                  "color": "#2C2F33",
                }
              }
              returnKeyType="next"
              style={
                Object {
                  "backgroundColor": "white",
                  "borderColor": "#43454a",
                  "borderRadius": 2,
                  "borderWidth": 0.5,
                  "color": "#23272A",
                  "flexDirection": "row",
                  "fontSize": 20,
                  "height": 50,
                  "margin": 15,
                  "padding": 5,
                  "width": 300,
                }
              }
              textContentType="username"
              underlineColorAndroid="transparent"
              value={null}
            />,
            <TextInput
              allowFontScaling={true}
              autoCapitalize="none"
              maxLength={100}
              onChangeText={[Function]}
              placeholder="Password"
              placeholderStyle={
                Object {
                  "color": "#2C2F33",
                }
              }
              secureTextEntry={true}
              style={
                Object {
                  "backgroundColor": "white",
                  "borderColor": "#43454a",
                  "borderRadius": 2,
                  "borderWidth": 0.5,
                  "color": "#23272A",
                  "flexDirection": "row",
                  "fontSize": 20,
                  "height": 50,
                  "margin": 15,
                  "padding": 5,
                  "width": 300,
                }
              }
              textContentType="password"
              underlineColorAndroid="transparent"
              value={null}
            />,
            <TouchableOpacity
              activeOpacity={0.2}
              onPress={[Function]}
              style={
                Object {
                  "backgroundColor": "#4A90E2",
                  "borderRadius": 3,
                  "marginTop": 20,
                  "paddingVertical": 20,
                  "width": 300,
                }
              }
            >
              <Text
                accessible={true}
                allowFontScaling={true}
                ellipsizeMode="tail"
                style={
                  Object {
                    "color": "white",
                    "textAlign": "center",
                  }
                }
              >
                LOG IN
              </Text>
            </TouchableOpacity>,
          ],
          "style": Object {
            "alignItems": "center",
            "backgroundColor": "#23272A",
            "flex": 1,
            "justifyContent": "flex-start",
            "paddingHorizontal": 5,
            "paddingVertical": 10,
            "width": "100%",
          },
        },
        "ref": null,
        "rendered": Array [
          Object {
            "instance": null,
            "key": undefined,
            "nodeType": "class",
            "props": Object {
              "source": 1,
              "style": Object {
                "height": 150,
                "padding": 5,
                "resizeMode": "contain",
              },
            },
            "ref": null,
            "rendered": null,
            "type": [Function],
          },
          Object {
            "instance": null,
            "key": undefined,
            "nodeType": "class",
            "props": Object {
              "allowFontScaling": true,
              "autoCapitalize": "none",
              "maxLength": 100,
              "onChangeText": [Function],
              "onSubmitEditing": [Function],
              "placeholder": "Username",
              "placeholderStyle": Object {
                "color": "#2C2F33",
              },
              "returnKeyType": "next",
              "style": Object {
                "backgroundColor": "white",
                "borderColor": "#43454a",
                "borderRadius": 2,
                "borderWidth": 0.5,
                "color": "#23272A",
                "flexDirection": "row",
                "fontSize": 20,
                "height": 50,
                "margin": 15,
                "padding": 5,
                "width": 300,
              },
              "textContentType": "username",
              "underlineColorAndroid": "transparent",
              "value": null,
            },
            "ref": "username",
            "rendered": null,
            "type": [Function],
          },
          Object {
            "instance": null,
            "key": undefined,
            "nodeType": "class",
            "props": Object {
              "allowFontScaling": true,
              "autoCapitalize": "none",
              "maxLength": 100,
              "onChangeText": [Function],
              "placeholder": "Password",
              "placeholderStyle": Object {
                "color": "#2C2F33",
              },
              "secureTextEntry": true,
              "style": Object {
                "backgroundColor": "white",
                "borderColor": "#43454a",
                "borderRadius": 2,
                "borderWidth": 0.5,
                "color": "#23272A",
                "flexDirection": "row",
                "fontSize": 20,
                "height": 50,
                "margin": 15,
                "padding": 5,
                "width": 300,
              },
              "textContentType": "password",
              "underlineColorAndroid": "transparent",
              "value": null,
            },
            "ref": [Function],
            "rendered": null,
            "type": [Function],
          },
          Object {
            "instance": null,
            "key": undefined,
            "nodeType": "class",
            "props": Object {
              "activeOpacity": 0.2,
              "children": <Text
                accessible={true}
                allowFontScaling={true}
                ellipsizeMode="tail"
                style={
                  Object {
                    "color": "white",
                    "textAlign": "center",
                  }
                }
              >
                LOG IN
              </Text>,
              "onPress": [Function],
              "style": Object {
                "backgroundColor": "#4A90E2",
                "borderRadius": 3,
                "marginTop": 20,
                "paddingVertical": 20,
                "width": 300,
              },
            },
            "ref": null,
            "rendered": Object {
              "instance": null,
              "key": undefined,
              "nodeType": "class",
              "props": Object {
                "accessible": true,
                "allowFontScaling": true,
                "children": "LOG IN",
                "ellipsizeMode": "tail",
                "style": Object {
                  "color": "white",
                  "textAlign": "center",
                },
              },
              "ref": null,
              "rendered": "LOG IN",
              "type": [Function],
            },
            "type": [Function],
          },
        ],
        "type": [Function],
      },
      "type": [Function],
    },
  ],
  Symbol(enzyme.__options__): Object {
    "adapter": ReactSixteenAdapter {
      "options": Object {
        "enableComponentDidUpdateOnSetState": true,
        "lifecycles": Object {
          "componentDidUpdate": Object {
            "onSetState": true,
          },
          "getDerivedStateFromProps": true,
          "getSnapshotBeforeUpdate": true,
          "setState": Object {
            "skipsComponentDidUpdateOnNullish": true,
          },
        },
      },
    },
    "context": Object {
      "store": Object {
        "clearActions": [Function],
        "dispatch": [Function],
        "getActions": [Function],
        "getState": [Function],
        "replaceReducer": [Function],
        "subscribe": [Function],
      },
    },
  },
}
`;
