// Jest Snapshot v1, https://goo.gl/fbAQLP

exports[`renders children props 1`] = `
<RCTSafeAreaView>
  <View />
</RCTSafeAreaView>
`;
