// Jest Snapshot v1, https://goo.gl/fbAQLP

exports[`renders with one group 1`] = `
ShallowWrapper {
  Symbol(enzyme.__root__): [Circular],
  Symbol(enzyme.__unrendered__): <FlatList
    data={
      Array [
        Object {
          "header_background_image_api": "img/default-group-header.jpg",
          "id": 1578,
          "name": "The100 Lounge",
          "nickname": "",
          "users_count": 77,
        },
      ]
    }
    disableVirtualization={false}
    horizontal={false}
    initialNumToRender={10}
    keyExtractor={[Function]}
    maxToRenderPerBatch={10}
    numColumns={1}
    onEndReachedThreshold={2}
    renderItem={[Function]}
    scrollEventThrottle={50}
    updateCellsBatchingPeriod={50}
    windowSize={21}
  />,
  Symbol(enzyme.__renderer__): Object {
    "batchedUpdates": [Function],
    "getNode": [Function],
    "render": [Function],
    "simulateError": [Function],
    "simulateEvent": [Function],
    "unmount": [Function],
  },
  Symbol(enzyme.__node__): Object {
    "instance": null,
    "key": undefined,
    "nodeType": "class",
    "props": Object {
      "data": Array [
        Object {
          "header_background_image_api": "img/default-group-header.jpg",
          "id": 1578,
          "name": "The100 Lounge",
          "nickname": "",
          "users_count": 77,
        },
      ],
      "disableVirtualization": false,
      "getItem": [Function],
      "getItemCount": [Function],
      "horizontal": false,
      "initialNumToRender": 10,
      "keyExtractor": [Function],
      "maxToRenderPerBatch": 10,
      "numColumns": 1,
      "onEndReachedThreshold": 2,
      "renderItem": [Function],
      "scrollEventThrottle": 50,
      "updateCellsBatchingPeriod": 50,
      "viewabilityConfigCallbackPairs": Array [],
      "windowSize": 21,
    },
    "ref": [Function],
    "rendered": null,
    "type": [Function],
  },
  Symbol(enzyme.__nodes__): Array [
    Object {
      "instance": null,
      "key": undefined,
      "nodeType": "class",
      "props": Object {
        "data": Array [
          Object {
            "header_background_image_api": "img/default-group-header.jpg",
            "id": 1578,
            "name": "The100 Lounge",
            "nickname": "",
            "users_count": 77,
          },
        ],
        "disableVirtualization": false,
        "getItem": [Function],
        "getItemCount": [Function],
        "horizontal": false,
        "initialNumToRender": 10,
        "keyExtractor": [Function],
        "maxToRenderPerBatch": 10,
        "numColumns": 1,
        "onEndReachedThreshold": 2,
        "renderItem": [Function],
        "scrollEventThrottle": 50,
        "updateCellsBatchingPeriod": 50,
        "viewabilityConfigCallbackPairs": Array [],
        "windowSize": 21,
      },
      "ref": [Function],
      "rendered": null,
      "type": [Function],
    },
  ],
  Symbol(enzyme.__options__): Object {
    "adapter": ReactSixteenAdapter {
      "options": Object {
        "enableComponentDidUpdateOnSetState": true,
        "lifecycles": Object {
          "componentDidUpdate": Object {
            "onSetState": true,
          },
          "getDerivedStateFromProps": true,
          "getSnapshotBeforeUpdate": true,
          "setState": Object {
            "skipsComponentDidUpdateOnNullish": true,
          },
        },
      },
    },
  },
}
`;
